// Jest Snapshot v1, https://goo.gl/fbAQLP

exports[`TitledSection snapshot renders correctly 1`] = `
<div
  className="MuiPaper-root MuiPaper-elevation1 makeStyles-section-7 MuiPaper-rounded"
>
  <h6
    className="MuiTypography-root MuiTypography-h6 MuiTypography-gutterBottom"
  >
    test title
  </h6>
  <h1>
    test children
  </h1>
</div>
`;
